// Jest Snapshot v1, https://goo.gl/fbAQLP

exports[`Toggle tests should imperial be active by default 1`] = `
<div>
  <div
    class="toggleButtons"
  >
    <button
      class=""
    >
      째C
    </button>
    <button
      class="active"
    >
      째F
    </button>
  </div>
</div>
`;

exports[`Toggle tests should metric be active by default 1`] = `
<div>
  <div
    class="toggleButtons"
  >
    <button
      class="active"
    >
      째C
    </button>
    <button
      class=""
    >
      째F
    </button>
  </div>
</div>
`;
